 ikine_M26_cc_mex

 Timestamp is 4e53e74e (Tue Aug 23 13:45:50 2011)

 Preferred load address is 10000000

 Start         Length     Name                   Class
 0001:00000000 0001502eH .text                   CODE
 0002:00000000 00000138H .idata$5                DATA
 0002:00000138 00000004H .CRT$XCA                DATA
 0002:0000013c 00000004H .CRT$XCZ                DATA
 0002:00000140 00000004H .CRT$XIA                DATA
 0002:00000144 00000004H .CRT$XIAA               DATA
 0002:00000148 00000004H .CRT$XIZ                DATA
 0002:00000150 00000fe8H .rdata                  DATA
 0002:00001140 00000004H .rdata$sxdata           DATA
 0002:00001144 00000004H .rtc$IAA                DATA
 0002:00001148 00000004H .rtc$IZZ                DATA
 0002:0000114c 00000004H .rtc$TAA                DATA
 0002:00001150 00000004H .rtc$TZZ                DATA
 0002:00001158 00000064H .xdata$x                DATA
 0002:000011bc 0000008cH .idata$2                DATA
 0002:00001248 00000014H .idata$3                DATA
 0002:0000125c 00000138H .idata$4                DATA
 0002:00001394 00000590H .idata$6                DATA
 0002:00001930 000000b0H .edata                  DATA
 0003:00000000 00000640H .data                   DATA
 0003:00000640 00000348H .bss                    DATA

  Address         Publics by Value              Rva+Base       Lib:Object

 0000:00000000       __except_list              00000000     <absolute>
 0000:00000001       ___safe_se_handler_count   00000001     <absolute>
 0000:00009876       __ldused                   00009876     <absolute>
 0000:00009876       __fltused                  00009876     <absolute>
 0000:00000000       ___ImageBase               10000000     <linker-defined>
 0001:00000000       _emlrt_marshallOut         10001000 f   ikine_M26_cc_mexutil.obj
 0001:00000040       _error                     10001040 f   ikine_M26_cc_mexutil.obj
 0001:00000070       _message                   10001070 f   ikine_M26_cc_mexutil.obj
 0001:000004b0       _ikine_M26_cc              100014b0 f   ikine_M26_cc.obj
 0001:00003f60       _jacob_M26                 10004f60 f   jacob_M26.obj
 0001:00013000       _det                       10014000 f   det.obj
 0001:000136e0       _ceval_ixamax              100146e0 f   inv.obj
 0001:00013720       _ceval_xger                10014720 f   inv.obj
 0001:000137f0       _ceval_xswap               100147f0 f   inv.obj
 0001:000138a0       _invNxN                    100148a0 f   inv.obj
 0001:000140f0       _norm                      100150f0 f   norm.obj
 0001:000141f0       _ikine_M26_cc_initialize   100151f0 f   ikine_M26_cc_initialize.obj
 0001:00014210       _ikine_M26_cc_atexit       10015210 f   ikine_M26_cc_terminate.obj
 0001:00014220       _ikine_M26_cc_terminate    10015220 f   ikine_M26_cc_terminate.obj
 0001:00014400       _ikine_M26_cc_api          10015400 f   ikine_M26_cc_api.obj
 0001:00014670       _mexFunction               10015670 f   ikine_M26_cc_mex.obj
 0001:000146a6       _mxCreateDoubleScalar      100156a6 f   libmx:libmx.dll
 0001:000146ac       _mxCreateCharArray_700     100156ac f   libmx:libmx.dll
 0001:000146b2       _mxGetNaN                  100156b2 f   libmx:libmx.dll
 0001:000146b8       _mxGetPr                   100156b8 f   libmx:libmx.dll
 0001:000146be       _mxCreateNumericArray_700  100156be f   libmx:libmx.dll
 0001:000146c4       _mxGetData                 100156c4 f   libmx:libmx.dll
 0001:000146ca       _mexErrMsgIdAndTxt         100156ca f   libmex:libmex.dll
 0001:000146d0       _mexAtExit                 100156d0 f   libmex:libmex.dll
 0001:000146d6       _emlrtAssign               100156d6 f   libemlrt:libemlrt.dll
 0001:000146dc       _emlrtCallMATLAB           100156dc f   libemlrt:libemlrt.dll
 0001:000146e2       _emlrtPopRtStack           100156e2 f   libemlrt:libemlrt.dll
 0001:000146e8       _emlrtInitCharArray        100156e8 f   libemlrt:libemlrt.dll
 0001:000146ee       _emlrtPushRtStack          100156ee f   libemlrt:libemlrt.dll
 0001:000146f4       _emlrtBoundsCheckR2011a    100156f4 f   libemlrt:libemlrt.dll
 0001:000146fa       _emlrtDestroyArray         100156fa f   libemlrt:libemlrt.dll
 0001:00014700       _emlrtImportCharArray      10015700 f   libemlrt:libemlrt.dll
 0001:00014706       _emlrtCheckBuiltInR2011a   10015706 f   libemlrt:libemlrt.dll
 0001:0001470c       _emlrtAlias                1001570c f   libemlrt:libemlrt.dll
 0001:00014712       _emlrtBreakCheck           10015712 f   libemlrt:libemlrt.dll
 0001:00014718       _emlrtFirstTime            10015718 f   libemlrt:libemlrt.dll
 0001:0001471e       _emlrtEnterRtStack         1001571e f   libemlrt:libemlrt.dll
 0001:00014724       _emlrtExitTimeCleanup      10015724 f   libemlrt:libemlrt.dll
 0001:0001472a       _emlrtLeaveRtStack         1001572a f   libemlrt:libemlrt.dll
 0001:00014730       _emlrtAliasP               10015730 f   libemlrt:libemlrt.dll
 0001:00014736       _emlrtReturnArrayR2009a    10015736 f   libemlrt:libemlrt.dll
 0001:0001473c       _emlrtClearAllocCount      1001573c f   libemlrt:libemlrt.dll
 0001:00014742       _dgemm32                   10015742 f   libmwblascompat32:libmwblascompat32.dll
 0001:00014748       _dnrm232                   10015748 f   libmwblascompat32:libmwblascompat32.dll
 0001:0001474e       _dtrsm32                   1001574e f   libmwblascompat32:libmwblascompat32.dll
 0001:00014754       _idamax32                  10015754 f   libmwblascompat32:libmwblascompat32.dll
 0001:0001475a       _dger32                    1001575a f   libmwblascompat32:libmwblascompat32.dll
 0001:00014760       _dswap32                   10015760 f   libmwblascompat32:libmwblascompat32.dll
 0001:00014766       _muDoubleScalarRem         10015766 f   libmwmathutil:libmwmathutil.dll
 0001:0001476c       _muDoubleScalarAcos        1001576c f   libmwmathutil:libmwmathutil.dll
 0001:00014772       _muDoubleScalarIsNaN       10015772 f   libmwmathutil:libmwmathutil.dll
 0001:00014778       _muDoubleScalarAsin        10015778 f   libmwmathutil:libmwmathutil.dll
 0001:0001477e       _muDoubleScalarCos         1001577e f   libmwmathutil:libmwmathutil.dll
 0001:00014784       _muDoubleScalarSin         10015784 f   libmwmathutil:libmwmathutil.dll
 0001:0001478a       _muDoubleScalarPower       1001578a f   libmwmathutil:libmwmathutil.dll
 0001:00014790       _muDoubleScalarAbs         10015790 f   libmwmathutil:libmwmathutil.dll
 0001:000147a0       @__security_check_cookie@4 100157a0 f   MSVCRT:secchk.obj
 0001:000147b0       _memset                    100157b0 f   MSVCRT:MSVCR100.dll
 0001:00014804       __CRT_INIT@12              10015804 f   MSVCRT:crtdll.obj
 0001:00014b24       __DllMainCRTStartup@12     10015b24 f   MSVCRT:crtdll.obj
 0001:00014b47       ___report_gsfailure        10015b47 f   MSVCRT:gs_report.obj
 0001:00014c4d       ___clean_type_info_names   10015c4d f   MSVCRT:tncleanup.obj
 0001:00014c59       __onexit                   10015c59 f   MSVCRT:atonexit.obj
 0001:00014cfa       _atexit                    10015cfa f   MSVCRT:atonexit.obj
 0001:00014d11       __RTC_Initialize           10015d11 f   MSVCRT:_initsect_.obj
 0001:00014d37       __RTC_Terminate            10015d37 f   MSVCRT:_initsect_.obj
 0001:00014d60       __ValidateImageBase        10015d60 f   MSVCRT:pesect.obj
 0001:00014da0       __FindPESection            10015da0 f   MSVCRT:pesect.obj
 0001:00014df0       __IsNonwritableInCurrentImage 10015df0 f   MSVCRT:pesect.obj
 0001:00014eac       __initterm                 10015eac f   MSVCRT:MSVCR100.dll
 0001:00014eb2       __initterm_e               10015eb2 f   MSVCRT:MSVCR100.dll
 0001:00014eb8       __amsg_exit                10015eb8 f   MSVCRT:MSVCR100.dll
 0001:00014ebe       ___CppXcptFilter           10015ebe f   MSVCRT:MSVCR100.dll
 0001:00014ec4       _DllMain@12                10015ec4 f   MSVCRT:dllmain.obj
 0001:00014ef0       __SEH_prolog4              10015ef0 f   MSVCRT:sehprolg4.obj
 0001:00014f35       __SEH_epilog4              10015f35 f   MSVCRT:sehprolg4.obj
 0001:00014f49       __except_handler4          10015f49 f   MSVCRT:chandler4gs.obj
 0001:00014f6e       ___security_init_cookie    10015f6e f   MSVCRT:gs_support.obj
 0001:0001500a       __crt_debugger_hook        1001600a f   MSVCRT:MSVCR100.dll
 0001:00015010       ___clean_type_info_names_internal 10016010 f   MSVCRT:MSVCR100.dll
 0001:00015016       __unlock                   10016016 f   MSVCRT:MSVCR100.dll
 0001:0001501c       ___dllonexit               1001601c f   MSVCRT:MSVCR100.dll
 0001:00015022       __lock                     10016022 f   MSVCRT:MSVCR100.dll
 0001:00015028       __except_handler4_common   10016028 f   MSVCRT:MSVCR100.dll
 0002:00000000       __imp__GetSystemTimeAsFileTime@4 10017000     kernel32:KERNEL32.dll
 0002:00000004       __imp__GetCurrentProcessId@0 10017004     kernel32:KERNEL32.dll
 0002:00000008       __imp__GetCurrentThreadId@0 10017008     kernel32:KERNEL32.dll
 0002:0000000c       __imp__GetTickCount@0      1001700c     kernel32:KERNEL32.dll
 0002:00000010       __imp__QueryPerformanceCounter@4 10017010     kernel32:KERNEL32.dll
 0002:00000014       __imp__DisableThreadLibraryCalls@4 10017014     kernel32:KERNEL32.dll
 0002:00000018       __imp__SetUnhandledExceptionFilter@4 10017018     kernel32:KERNEL32.dll
 0002:0000001c       __imp__UnhandledExceptionFilter@4 1001701c     kernel32:KERNEL32.dll
 0002:00000020       __imp__GetCurrentProcess@0 10017020     kernel32:KERNEL32.dll
 0002:00000024       __imp__TerminateProcess@8  10017024     kernel32:KERNEL32.dll
 0002:00000028       __imp__InterlockedCompareExchange@12 10017028     kernel32:KERNEL32.dll
 0002:0000002c       __imp__Sleep@4             1001702c     kernel32:KERNEL32.dll
 0002:00000030       __imp__InterlockedExchange@8 10017030     kernel32:KERNEL32.dll
 0002:00000034       __imp__DecodePointer@4     10017034     kernel32:KERNEL32.dll
 0002:00000038       __imp__EncodePointer@4     10017038     kernel32:KERNEL32.dll
 0002:0000003c       __imp__IsDebuggerPresent@0 1001703c     kernel32:KERNEL32.dll
 0002:00000040       \177KERNEL32_NULL_THUNK_DATA 10017040     kernel32:KERNEL32.dll
 0002:00000044       __imp____clean_type_info_names_internal 10017044     MSVCRT:MSVCR100.dll
 0002:00000048       __imp___initterm           10017048     MSVCRT:MSVCR100.dll
 0002:0000004c       __imp___encoded_null       1001704c     MSVCRT:MSVCR100.dll
 0002:00000050       __imp__free                10017050     MSVCRT:MSVCR100.dll
 0002:00000054       __imp___malloc_crt         10017054     MSVCRT:MSVCR100.dll
 0002:00000058       __imp__memset              10017058     MSVCRT:MSVCR100.dll
 0002:0000005c       __imp___amsg_exit          1001705c     MSVCRT:MSVCR100.dll
 0002:00000060       __imp____CppXcptFilter     10017060     MSVCRT:MSVCR100.dll
 0002:00000064       __imp___crt_debugger_hook  10017064     MSVCRT:MSVCR100.dll
 0002:00000068       __imp___initterm_e         10017068     MSVCRT:MSVCR100.dll
 0002:0000006c       __imp___unlock             1001706c     MSVCRT:MSVCR100.dll
 0002:00000070       __imp___except_handler4_common 10017070     MSVCRT:MSVCR100.dll
 0002:00000074       __imp___onexit             10017074     MSVCRT:MSVCR100.dll
 0002:00000078       __imp___lock               10017078     MSVCRT:MSVCR100.dll
 0002:0000007c       __imp____dllonexit         1001707c     MSVCRT:MSVCR100.dll
 0002:00000080       \177MSVCR100_NULL_THUNK_DATA 10017080     MSVCRT:MSVCR100.dll
 0002:00000084       __imp__emlrtClearAllocCount 10017084     libemlrt:libemlrt.dll
 0002:00000088       __imp__emlrtDestroyArray   10017088     libemlrt:libemlrt.dll
 0002:0000008c       __imp__emlrtReturnArrayR2009a 1001708c     libemlrt:libemlrt.dll
 0002:00000090       __imp__emlrtAliasP         10017090     libemlrt:libemlrt.dll
 0002:00000094       __imp__emlrtLeaveRtStack   10017094     libemlrt:libemlrt.dll
 0002:00000098       __imp__emlrtAssign         10017098     libemlrt:libemlrt.dll
 0002:0000009c       __imp__emlrtCallMATLAB     1001709c     libemlrt:libemlrt.dll
 0002:000000a0       __imp__emlrtPopRtStack     100170a0     libemlrt:libemlrt.dll
 0002:000000a4       __imp__emlrtInitCharArray  100170a4     libemlrt:libemlrt.dll
 0002:000000a8       __imp__emlrtPushRtStack    100170a8     libemlrt:libemlrt.dll
 0002:000000ac       __imp__emlrtExitTimeCleanup 100170ac     libemlrt:libemlrt.dll
 0002:000000b0       __imp__emlrtEnterRtStack   100170b0     libemlrt:libemlrt.dll
 0002:000000b4       __imp__emlrtFirstTime      100170b4     libemlrt:libemlrt.dll
 0002:000000b8       __imp__emlrtBreakCheck     100170b8     libemlrt:libemlrt.dll
 0002:000000bc       __imp__emlrtAlias          100170bc     libemlrt:libemlrt.dll
 0002:000000c0       __imp__emlrtCheckBuiltInR2011a 100170c0     libemlrt:libemlrt.dll
 0002:000000c4       __imp__emlrtImportCharArray 100170c4     libemlrt:libemlrt.dll
 0002:000000c8       __imp__emlrtBoundsCheckR2011a 100170c8     libemlrt:libemlrt.dll
 0002:000000cc       \177libemlrt_NULL_THUNK_DATA 100170cc     libemlrt:libemlrt.dll
 0002:000000d0       __imp__mexAtExit           100170d0     libmex:libmex.dll
 0002:000000d4       __imp__mexErrMsgIdAndTxt   100170d4     libmex:libmex.dll
 0002:000000d8       \177libmex_NULL_THUNK_DATA 100170d8     libmex:libmex.dll
 0002:000000dc       __imp__dswap32             100170dc     libmwblascompat32:libmwblascompat32.dll
 0002:000000e0       __imp__dger32              100170e0     libmwblascompat32:libmwblascompat32.dll
 0002:000000e4       __imp__idamax32            100170e4     libmwblascompat32:libmwblascompat32.dll
 0002:000000e8       __imp__dtrsm32             100170e8     libmwblascompat32:libmwblascompat32.dll
 0002:000000ec       __imp__dnrm232             100170ec     libmwblascompat32:libmwblascompat32.dll
 0002:000000f0       __imp__dgemm32             100170f0     libmwblascompat32:libmwblascompat32.dll
 0002:000000f4       \177libmwblascompat32_NULL_THUNK_DATA 100170f4     libmwblascompat32:libmwblascompat32.dll
 0002:000000f8       __imp__muDoubleScalarAbs   100170f8     libmwmathutil:libmwmathutil.dll
 0002:000000fc       __imp__muDoubleScalarPower 100170fc     libmwmathutil:libmwmathutil.dll
 0002:00000100       __imp__muDoubleScalarSin   10017100     libmwmathutil:libmwmathutil.dll
 0002:00000104       __imp__muDoubleScalarCos   10017104     libmwmathutil:libmwmathutil.dll
 0002:00000108       __imp__muDoubleScalarAsin  10017108     libmwmathutil:libmwmathutil.dll
 0002:0000010c       __imp__muDoubleScalarIsNaN 1001710c     libmwmathutil:libmwmathutil.dll
 0002:00000110       __imp__muDoubleScalarAcos  10017110     libmwmathutil:libmwmathutil.dll
 0002:00000114       __imp__muDoubleScalarRem   10017114     libmwmathutil:libmwmathutil.dll
 0002:00000118       \177libmwmathutil_NULL_THUNK_DATA 10017118     libmwmathutil:libmwmathutil.dll
 0002:0000011c       __imp__mxGetData           1001711c     libmx:libmx.dll
 0002:00000120       __imp__mxCreateNumericArray_700 10017120     libmx:libmx.dll
 0002:00000124       __imp__mxGetPr             10017124     libmx:libmx.dll
 0002:00000128       __imp__mxGetNaN            10017128     libmx:libmx.dll
 0002:0000012c       __imp__mxCreateCharArray_700 1001712c     libmx:libmx.dll
 0002:00000130       __imp__mxCreateDoubleScalar 10017130     libmx:libmx.dll
 0002:00000134       \177libmx_NULL_THUNK_DATA  10017134     libmx:libmx.dll
 0002:00000138       ___xc_a                    10017138     MSVCRT:cinitexe.obj
 0002:0000013c       ___xc_z                    1001713c     MSVCRT:cinitexe.obj
 0002:00000140       ___xi_a                    10017140     MSVCRT:cinitexe.obj
 0002:00000148       ___xi_z                    10017148     MSVCRT:cinitexe.obj
 0002:00000150       ??_C@_05KKCIMGE@error?$AA@ 10017150     ikine_M26_cc_mexutil.obj
 0002:00000158       ??_C@_07ONPBMBOP@message?$AA@ 10017158     ikine_M26_cc_mexutil.obj
 0002:00000160       ??_C@_0FJ@MFECCLFF@C?3?1Program?5Files?1MATLAB?1R2011a?1t@ 10017160     ikine_M26_cc_data.obj
 0002:000001bc       ??_C@_0P@GKBHCNIC@eml_blas_xnrm2?$AA@ 100171bc     ikine_M26_cc_data.obj
 0002:000001d0       ??_C@_0FJ@EKFCNOMC@C?3?1Program?5Files?1MATLAB?1R2011a?1t@ 100171d0     ikine_M26_cc_data.obj
 0002:0000022c       ??_C@_0P@GLNMGNEA@eml_blas_xtrsm?$AA@ 1001722c     ikine_M26_cc_data.obj
 0002:00000240       ??_C@_0FK@FBGDKMPD@C?3?1Program?5Files?1MATLAB?1R2011a?1t@ 10017240     ikine_M26_cc_data.obj
 0002:0000029c       ??_C@_0BB@EKCGGHJJ@eml_refblas_xger?$AA@ 1001729c     ikine_M26_cc_data.obj
 0002:000002b0       ??_C@_0FI@PIMOONBM@C?3?1Program?5Files?1MATLAB?1R2011a?1t@ 100172b0     ikine_M26_cc_data.obj
 0002:00000308       ??_C@_0O@MGOBNFHA@eml_blas_xger?$AA@ 10017308     ikine_M26_cc_data.obj
 0002:00000318       ??_C@_0EK@MMBJJKBK@C?3?1Program?5Files?1MATLAB?1R2011a?1t@ 10017318     ikine_M26_cc_data.obj
 0002:00000364       ??_C@_08MJGEHAGI@eml_xger?$AA@ 10017364     ikine_M26_cc_data.obj
 0002:00000370       ??_C@_0EL@EDCNEODA@C?3?1Program?5Files?1MATLAB?1R2011a?1t@ 10017370     ikine_M26_cc_data.obj
 0002:000003bc       ??_C@_09BBOIAAKJ@eml_xgeru?$AA@ 100173bc     ikine_M26_cc_data.obj
 0002:000003c8       ??_C@_0FJ@GHGLDKFP@C?3?1Program?5Files?1MATLAB?1R2011a?1t@ 100173c8     ikine_M26_cc_data.obj
 0002:00000424       ??_C@_0P@OOMFKGA@eml_blas_xswap?$AA@ 10017424     ikine_M26_cc_data.obj
 0002:00000438       ??_C@_0EL@IODMEIBN@C?3?1Program?5Files?1MATLAB?1R2011a?1t@ 10017438     ikine_M26_cc_data.obj
 0002:00000484       ??_C@_09BNIPEHJD@eml_xswap?$AA@ 10017484     ikine_M26_cc_data.obj
 0002:00000490       ??_C@_0FK@HPMHMMIL@C?3?1Program?5Files?1MATLAB?1R2011a?1t@ 10017490     ikine_M26_cc_data.obj
 0002:000004ec       ??_C@_0BA@LJKGANJI@eml_blas_ixamax?$AA@ 100174ec     ikine_M26_cc_data.obj
 0002:00000500       ??_C@_0EM@OHPMLLEF@C?3?1Program?5Files?1MATLAB?1R2011a?1t@ 10017500     ikine_M26_cc_data.obj
 0002:0000054c       ??_C@_0L@JNABMNCD@eml_ixamax?$AA@ 1001754c     ikine_M26_cc_data.obj
 0002:00000558       ??_C@_0FM@EJLIDFJP@C?3?1Program?5Files?1MATLAB?1R2011a?1t@ 10017558     ikine_M26_cc_data.obj
 0002:000005b4       ??_C@_0BC@GHDOHOEM@eml_matlab_zgetrf?$AA@ 100175b4     ikine_M26_cc_data.obj
 0002:000005c8       ??_C@_0FO@EDFGDGKG@C?3?1Program?5Files?1MATLAB?1R2011a?1t@ 100175c8     ikine_M26_cc_data.obj
 0002:00000628       ??_C@_0BC@NGKJOAN@eml_lapack_xgetrf?$AA@ 10017628     ikine_M26_cc_data.obj
 0002:00000640       ??_C@_0EO@EABHMBGB@C?3?1Program?5Files?1MATLAB?1R2011a?1t@ 10017640     ikine_M26_cc_data.obj
 0002:00000690       ??_C@_0L@LMJIHGDE@eml_xgetrf?$AA@ 10017690     ikine_M26_cc_data.obj
 0002:000006a0       ??_C@_0ED@NOPIAGKM@C?3?1Program?5Files?1MATLAB?1R2011a?1t@ 100176a0     ikine_M26_cc_data.obj
 0002:000006e4       ??_C@_06DNEPGKGD@mpower?$AA@ 100176e4     ikine_M26_cc_data.obj
 0002:000006f0       ??_C@_0EC@HEHEGOA@C?3?1Program?5Files?1MATLAB?1R2011a?1t@ 100176f0     ikine_M26_cc_data.obj
 0002:00000734       ??_C@_03JBOJOLOP@eye?$AA@  10017734     ikine_M26_cc_data.obj
 0002:00000738       ??_C@_00CNPNBAHC@?$AA@     10017738     ikine_M26_cc.obj
 0002:00000740       ??_C@_0EL@CMBFFJBH@C?3?1Program?5Files?1MATLAB?1R2011a?1t@ 10017740     ikine_M26_cc.obj
 0002:0000078c       ??_C@_09HJHEDAHB@eml_xnrm2?$AA@ 1001778c     ikine_M26_cc.obj
 0002:00000798       ??_C@_0EE@IPMJNDBL@C?3?1Program?5Files?1MATLAB?1R2011a?1t@ 10017798     ikine_M26_cc.obj
 0002:000007dc       ??_C@_04PLLMIPEP@norm?$AA@ 100177dc     ikine_M26_cc.obj
 0002:000007e8       ??_C@_0EI@PMNIFOMB@C?3?1Program?5Files?1MATLAB?1R2011a?1t@ 100177e8     ikine_M26_cc.obj
 0002:00000830       ??_C@_0M@OPBAGMPI@eml_flt2str?$AA@ 10017830     ikine_M26_cc.obj
 0002:00000840       ??_C@_0EI@IDLNAHH@C?3?1Program?5Files?1MATLAB?1R2011a?1t@ 10017840     ikine_M26_cc.obj
 0002:00000888       ??_C@_0M@MMMIKBD@eml_warning?$AA@ 10017888     ikine_M26_cc.obj
 0002:00000898       ??_C@_0ED@JJMBFIDJ@C?3?1Program?5Files?1MATLAB?1R2011a?1t@ 10017898     ikine_M26_cc.obj
 0002:000008dc       ??_C@_03KDLJKADA@inv?$AA@  100178dc     ikine_M26_cc.obj
 0002:000008e0       ??_C@_0FJ@NNGHEDFB@C?3?1Program?5Files?1MATLAB?1R2011a?1t@ 100178e0     ikine_M26_cc.obj
 0002:0000093c       ??_C@_0P@JHOKGBEO@eml_blas_xgemm?$AA@ 1001793c     ikine_M26_cc.obj
 0002:00000950       ??_C@_0EL@DEDADBBD@C?3?1Program?5Files?1MATLAB?1R2011a?1t@ 10017950     ikine_M26_cc.obj
 0002:0000099c       ??_C@_09IEIJHMLN@eml_xgemm?$AA@ 1001799c     ikine_M26_cc.obj
 0002:000009a8       ??_C@_0ED@CDJDHLPE@C?3?1Program?5Files?1MATLAB?1R2011a?1t@ 100179a8     ikine_M26_cc.obj
 0002:000009ec       ??_C@_06PCBFLGP@mtimes?$AA@ 100179ec     ikine_M26_cc.obj
 0002:000009f8       ??_C@_0ED@BDNNCHEE@C?3?1Program?5Files?1MATLAB?1R2011a?1t@ 100179f8     ikine_M26_cc.obj
 0002:00000a3c       ??_C@_04PDIFKINK@acos?$AA@ 10017a3c     ikine_M26_cc.obj
 0002:00000a48       ??_C@_0EG@NKONEPPG@C?3?1Program?5Files?1MATLAB?1R2011a?1t@ 10017a48     ikine_M26_cc.obj
 0002:00000a90       ??_C@_09JANBMANM@eml_error?$AA@ 10017a90     ikine_M26_cc.obj
 0002:00000aa0       ??_C@_0ED@DNDIFPDN@C?3?1Program?5Files?1MATLAB?1R2011a?1t@ 10017aa0     ikine_M26_cc.obj
 0002:00000ae4       ??_C@_04FIHNOPOL@asin?$AA@ 10017ae4     ikine_M26_cc.obj
 0002:00000aec       ??_C@_0DN@COEEOAHF@J?3?1My?5files?1Project?5TOWF?1MATLAB?1@ 10017aec     ikine_M26_cc.obj
 0002:00000b2c       ??_C@_08GPCEDKNA@Rc2euler?$AA@ 10017b2c     ikine_M26_cc.obj
 0002:00000b38       ??_C@_0EI@OOALBKHB@J?3?1My?5files?1Project?5TOWF?1MATLAB?1@ 10017b38     ikine_M26_cc.obj
 0002:00000b80       ??_C@_0BB@DPFIKIIG@T2cartesian_real?$AA@ 10017b80     ikine_M26_cc.obj
 0002:00000b98       ??_C@_0EE@BCFIECBA@J?3?1My?5files?1Project?5TOWF?1MATLAB?1@ 10017b98     ikine_M26_cc.obj
 0002:00000bdc       ??_C@_0N@ILEILFOC@ikine_M26_cc?$AA@ 10017bdc     ikine_M26_cc.obj
 0002:00000dd0       ??_C@_07DNAEFDKF@sprintf?$AA@ 10017dd0     ikine_M26_cc.obj
 0002:00000dd8       ??_C@_04ENMBGAPA@char?$AA@ 10017dd8     ikine_M26_cc.obj
 0002:00000de0       ??_C@_07FPLKDJGL@warning?$AA@ 10017de0     ikine_M26_cc.obj
 0002:00000de8       __real@c012d97c7f3321d2    10017de8     ikine_M26_cc.obj
 0002:00000df0       __real@4012d97c7f3321d2    10017df0     ikine_M26_cc.obj
 0002:00000df8       __real@bff921fb54442d18    10017df8     ikine_M26_cc.obj
 0002:00000e00       __real@3ff921fb54442d18    10017e00     ikine_M26_cc.obj
 0002:00000e08       __real@c00921fb54442d18    10017e08     ikine_M26_cc.obj
 0002:00000e10       __real@401921fb54442d18    10017e10     ikine_M26_cc.obj
 0002:00000e18       __real@400921fb54442d18    10017e18     ikine_M26_cc.obj
 0002:00000e20       __real@4024000000000000    10017e20     ikine_M26_cc.obj
 0002:00000e28       __real@3cb0000000000000    10017e28     ikine_M26_cc.obj
 0002:00000e30       __real@3ff0000000000000    10017e30     ikine_M26_cc.obj
 0002:00000e38       __real@bff0000000000000    10017e38     ikine_M26_cc.obj
 0002:00000e40       __real@3f847ae147ae147b    10017e40     ikine_M26_cc.obj
 0002:00000e48       ??_C@_0EC@IACKFMPF@C?3?1Program?5Files?1MATLAB?1R2011a?1t@ 10017e48     jacob_M26.obj
 0002:00000e8c       ??_C@_05PLIADJJL@power?$AA@ 10017e8c     jacob_M26.obj
 0002:00000e98       ??_C@_0EB@GBKJILMP@J?3?1My?5files?1Project?5TOWF?1MATLAB?1@ 10017e98     jacob_M26.obj
 0002:00000edc       ??_C@_09IKMANLKD@jacob_M26?$AA@ 10017edc     jacob_M26.obj
 0002:00000f10       ??_C@_0ED@PIIGLCHN@C?3?1Program?5Files?1MATLAB?1R2011a?1t@ 10017f10     det.obj
 0002:00000f54       ??_C@_03GPLAPFIO@det?$AA@  10017f54     det.obj
 0002:00000f58       ??_C@_0EK@MJKMHPID@C?3?1Program?5Files?1MATLAB?1R2011a?1t@ 10017f58     inv.obj
 0002:00000fa4       ??_C@_0O@PAIIPFF@eml_ipiv2perm?$AA@ 10017fa4     inv.obj
 0002:00000fb8       ??_C@_0EL@KDAFKMIA@C?3?1Program?5Files?1MATLAB?1R2011a?1t@ 10017fb8     inv.obj
 0002:00001004       ??_C@_09HILPHALD@eml_xtrsm?$AA@ 10018004     inv.obj
 0002:00001014       ??_C@_06BNJCAIGJ@double?$AA@ 10018014     ikine_M26_cc_api.obj
 0002:0000101c       ??_C@_02IKMLBCHJ@q0?$AA@   1001801c     ikine_M26_cc_api.obj
 0002:00001020       ??_C@_01OCOKONAJ@L?$AA@    10018020     ikine_M26_cc_api.obj
 0002:00001024       ??_C@_02LFNMDINB@TT?$AA@   10018024     ikine_M26_cc_api.obj
 0002:00001028       ??_C@_0CH@DLJMAEFE@emlcoder?3emlmex?3TooManyOutputArg@ 10018028     ikine_M26_cc_mex.obj
 0002:00001050       ??_C@_0DK@JIOOOKJA@Too?5many?5output?5arguments?5for?5en@ 10018050     ikine_M26_cc_mex.obj
 0002:0000108c       ??_C@_0CE@IHHIPLIO@emlcoder?3emlmex?3WrongNumberOfInp@ 1001808c     ikine_M26_cc_mex.obj
 0002:000010b0       ??_C@_0DC@CIOMNEDN@3?5inputs?5required?5for?5entry?9poin@ 100180b0     ikine_M26_cc_mex.obj
 0002:000010e4       __pRawDllMain              100180e4     MSVCRT:crtdll.obj
 0002:000010e4       __pDefaultRawDllMain       100180e4     MSVCRT:crtdll.obj
 0002:000010f0       __load_config_used         100180f0     MSVCRT:loadcfg.obj
 0002:00001140       ___safe_se_handler_table   10018140     <linker-defined>
 0002:00001144       ___rtc_iaa                 10018144     MSVCRT:_initsect_.obj
 0002:00001148       ___rtc_izz                 10018148     MSVCRT:_initsect_.obj
 0002:0000114c       ___rtc_taa                 1001814c     MSVCRT:_initsect_.obj
 0002:00001150       ___rtc_tzz                 10018150     MSVCRT:_initsect_.obj
 0002:000011bc       __IMPORT_DESCRIPTOR_libmx  100181bc     libmx:libmx.dll
 0002:000011d0       __IMPORT_DESCRIPTOR_libmex 100181d0     libmex:libmex.dll
 0002:000011e4       __IMPORT_DESCRIPTOR_libemlrt 100181e4     libemlrt:libemlrt.dll
 0002:000011f8       __IMPORT_DESCRIPTOR_libmwblascompat32 100181f8     libmwblascompat32:libmwblascompat32.dll
 0002:0000120c       __IMPORT_DESCRIPTOR_libmwmathutil 1001820c     libmwmathutil:libmwmathutil.dll
 0002:00001220       __IMPORT_DESCRIPTOR_MSVCR100 10018220     MSVCRT:MSVCR100.dll
 0002:00001234       __IMPORT_DESCRIPTOR_KERNEL32 10018234     kernel32:KERNEL32.dll
 0002:00001248       __NULL_IMPORT_DESCRIPTOR   10018248     libmx:libmx.dll
 0003:00000000       _bb_emlrtRSI               10019000     ikine_M26_cc_data.obj
 0003:0000000c       _db_emlrtRSI               1001900c     ikine_M26_cc_data.obj
 0003:00000018       _eb_emlrtRSI               10019018     ikine_M26_cc_data.obj
 0003:00000024       _fb_emlrtRSI               10019024     ikine_M26_cc_data.obj
 0003:00000030       _gb_emlrtRSI               10019030     ikine_M26_cc_data.obj
 0003:0000003c       _hb_emlrtRSI               1001903c     ikine_M26_cc_data.obj
 0003:00000048       _ib_emlrtRSI               10019048     ikine_M26_cc_data.obj
 0003:00000054       _jb_emlrtRSI               10019054     ikine_M26_cc_data.obj
 0003:00000060       _kb_emlrtRSI               10019060     ikine_M26_cc_data.obj
 0003:0000006c       _lb_emlrtRSI               1001906c     ikine_M26_cc_data.obj
 0003:00000078       _mb_emlrtRSI               10019078     ikine_M26_cc_data.obj
 0003:00000084       _nb_emlrtRSI               10019084     ikine_M26_cc_data.obj
 0003:00000090       _ob_emlrtRSI               10019090     ikine_M26_cc_data.obj
 0003:0000009c       _qb_emlrtRSI               1001909c     ikine_M26_cc_data.obj
 0003:000000a8       _rb_emlrtRSI               100190a8     ikine_M26_cc_data.obj
 0003:000000b4       _sb_emlrtRSI               100190b4     ikine_M26_cc_data.obj
 0003:000000c0       _tb_emlrtRSI               100190c0     ikine_M26_cc_data.obj
 0003:000000cc       _wb_emlrtRSI               100190cc     ikine_M26_cc_data.obj
 0003:000000d8       _xb_emlrtRSI               100190d8     ikine_M26_cc_data.obj
 0003:000000e4       _gc_emlrtRSI               100190e4     ikine_M26_cc_data.obj
 0003:000000f0       _sc_emlrtRSI               100190f0     ikine_M26_cc_data.obj
 0003:00000608       _emlrtContextGlobal        10019608     ikine_M26_cc_mex.obj
 0003:00000630       ___security_cookie         10019630     MSVCRT:gs_cookie.obj
 0003:00000634       ___security_cookie_complement 10019634     MSVCRT:gs_cookie.obj
 0003:00000638       ___native_dllmain_reason   10019638     MSVCRT:natstart.obj
 0003:0000063c       ___native_vcclrit_reason   1001963c     MSVCRT:natstart.obj
 0003:0000096c       ?__type_info_root_node@@3U__type_info_node@@A 1001996c     MSVCRT:tncleanup.obj
 0003:00000974       ___native_startup_state    10019974     <common>
 0003:00000978       ___native_startup_lock     10019978     <common>
 0003:0000097c       ___onexitend               1001997c     <common>
 0003:00000980       ___onexitbegin             10019980     <common>
 0003:00000984       ___dyn_tls_init_callback   10019984     <common>

 entry point at        0001:00014b24

 Static symbols

 0001:000000a0       _b_eml_error               100010a0 f   ikine_M26_cc.obj
 0001:00000150       _ceval_xgemm               10001150 f   ikine_M26_cc.obj
 0001:00000240       _eml_error                 10001240 f   ikine_M26_cc.obj
 0001:000002f0       _b_eml_warning             100012f0 f   ikine_M26_cc.obj
 0001:000003f0       _eml_warning               100013f0 f   ikine_M26_cc.obj
 0001:00003e90       _c_eml_error               10004e90 f   jacob_M26.obj
 0001:00013610       _ceval_xtrsm               10014610 f   inv.obj
 0001:00014230       _b_emlrt_marshallOut       10015230 f   ikine_M26_cc_api.obj
 0001:000142b0       _j_emlrt_marshallIn        100152b0 f   ikine_M26_cc_api.obj
 0001:00014320       _k_emlrt_marshallIn        10015320 f   ikine_M26_cc_api.obj
 0001:00014390       _l_emlrt_marshallIn        10015390 f   ikine_M26_cc_api.obj
 0001:000145e0       _ikine_M26_cc_mexFunction  100155e0 f   ikine_M26_cc_mex.obj
 0001:000147b6       _pre_c_init                100157b6 f   MSVCRT:crtdll.obj
 0001:00014a0e       ___DllMainCRTStartup       10015a0e f   MSVCRT:crtdll.obj
